RAM Allocation
Variable                                                          Address   Size
--------------------------------------------------------------------------------
caller_id                                                         0x06D4      20
rx_buffer0                                                        0x06E8      80
tx_buffer0                                                        0x0738      40
tx_rd_index0                                                      0x0760       1
tx_counter0                                                       0x0761       1
rx_buffer1                                                        0x0762     100
rx_wr_index1                                                      0x07C6       1
rx_rd_index1                                                      0x07C7       1
rx_counter1                                                       0x07C8       1
_seed                                                             0x07C9       4

EEPROM Allocation
Variable                                                          Address   Size
--------------------------------------------------------------------------------
sms_in_e2prom                                                     0x0000     256
gps_in_e2prom                                                     0x0100     256

Register Allocation
Variable                                                          Register  Size
--------------------------------------------------------------------------------
data_ready                                                        R2.0      1bit
trueData                                                          R2.1      1bit
count                                                             R4,R5        2
len                                                               R6,R7        2
securityMode                                                      R8,R9        2
rx_wr_index0                                                      R11          1
rx_rd_index0                                                      R10          1
rx_counter0                                                       R13          1
rx_buffer_overflow0                                               R2.2      1bit
tx_wr_index0                                                      R12          1
rx_buffer_overflow1                                               R2.3      1bit
